------------------------------------------------------------
TimeQuest Timing Analyzer Summary
------------------------------------------------------------

Type  : Slow 1200mV 85C Model Setup 'clk'
Slack : -3.079
TNS   : -72.588

Type  : Slow 1200mV 85C Model Setup 'divide:CLK1H|clk_p'
Slack : -1.717
TNS   : -16.984

Type  : Slow 1200mV 85C Model Hold 'divide:CLK1H|clk_p'
Slack : 0.360
TNS   : 0.000

Type  : Slow 1200mV 85C Model Hold 'clk'
Slack : 0.724
TNS   : 0.000

Type  : Slow 1200mV 85C Model Minimum Pulse Width 'clk'
Slack : -3.000
TNS   : -52.071

Type  : Slow 1200mV 85C Model Minimum Pulse Width 'divide:CLK1H|clk_p'
Slack : -1.487
TNS   : -20.818

Type  : Slow 1200mV 0C Model Setup 'clk'
Slack : -2.823
TNS   : -63.367

Type  : Slow 1200mV 0C Model Setup 'divide:CLK1H|clk_p'
Slack : -1.559
TNS   : -14.860

Type  : Slow 1200mV 0C Model Hold 'divide:CLK1H|clk_p'
Slack : 0.323
TNS   : 0.000

Type  : Slow 1200mV 0C Model Hold 'clk'
Slack : 0.684
TNS   : 0.000

Type  : Slow 1200mV 0C Model Minimum Pulse Width 'clk'
Slack : -3.000
TNS   : -52.071

Type  : Slow 1200mV 0C Model Minimum Pulse Width 'divide:CLK1H|clk_p'
Slack : -1.487
TNS   : -20.818

Type  : Fast 1200mV 0C Model Setup 'clk'
Slack : -0.592
TNS   : -8.989

Type  : Fast 1200mV 0C Model Setup 'divide:CLK1H|clk_p'
Slack : -0.075
TNS   : -0.145

Type  : Fast 1200mV 0C Model Hold 'divide:CLK1H|clk_p'
Slack : 0.151
TNS   : 0.000

Type  : Fast 1200mV 0C Model Hold 'clk'
Slack : 0.249
TNS   : 0.000

Type  : Fast 1200mV 0C Model Minimum Pulse Width 'clk'
Slack : -3.000
TNS   : -37.146

Type  : Fast 1200mV 0C Model Minimum Pulse Width 'divide:CLK1H|clk_p'
Slack : -1.000
TNS   : -14.000

------------------------------------------------------------
