# Synopsys Constraint Checker, version maplat, Build 1612R, built Dec  5 2016
# Copyright (C) 1994-2016 Synopsys, Inc. All rights reserved. This Synopsys software and all associated documentation are proprietary to Synopsys, Inc. and may only be used pursuant to the terms and conditions of a written license agreement with Synopsys, Inc. All other use, reproduction, modification, or distribution of the Synopsys software or the associated documentation is strictly prohibited.

# Written on Thu Jan 24 11:02:28 2019


##### DESIGN INFO #######################################################

Top View:                "Type_system"
Constraint File(s):      (none)




##### SUMMARY ############################################################

Found 0 issues in 0 out of 0 constraints


##### DETAILS ############################################################



Clock Relationships
*******************

Starting                                   Ending                                     |     rise to rise     |     fall to fall     |     rise to fall     |     fall to rise                     
-------------------------------------------------------------------------------------------------------------------------------------------------------------------------------------------------
Type_system|clk                            Type_system|clk                            |     1000.000         |     No paths         |     No paths         |     No paths                         
Array_KeyBoard|clk_200hz_derived_clock     Type_system|clk                            |     No paths         |     No paths         |     No paths         |     500.000                          
Array_KeyBoard|clk_200hz_derived_clock     Array_KeyBoard|clk_200hz_derived_clock     |     1000.000         |     1000.000         |     500.000          |     No paths                         
=================================================================================================================================================================================================
 Note: 'No paths' indicates there are no paths in the design for that pair of clock edges.
       'Diff grp' indicates that paths exist but the starting clock and ending clock are in different clock groups.


Unconstrained Start/End Points
******************************

p:col[0]
p:col[1]
p:col[2]
p:col[3]
p:row[0]
p:row[1]
p:row[2]
p:row[3]
p:rst_n
p:seg_1[0]
p:seg_1[1]
p:seg_1[2]
p:seg_1[3]
p:seg_1[4]
p:seg_1[5]
p:seg_1[6]
p:seg_1[7]
p:seg_1[8]
p:seg_2[0]
p:seg_2[1]
p:seg_2[2]
p:seg_2[3]
p:seg_2[4]
p:seg_2[5]
p:seg_2[6]
p:seg_2[7]
p:seg_2[8]


Inapplicable constraints
************************

(none)


Applicable constraints with issues
**********************************

(none)


Constraints with matching wildcard expressions
**********************************************

(none)


Library Report
**************


# End of Constraint Checker Report
