******************************************************************************
              TMS320C54x Linker PC v4.2.0                      
******************************************************************************
>> Linked Fri Apr 12 23:47:51 2024

OUTPUT FILE NAME:   <./Debug/DSP_class_lb2.out>
ENTRY POINT SYMBOL: "start"  address: 00001000


MEMORY CONFIGURATION

         name            origin    length      used     unused   attr    fill
----------------------  --------  ---------  --------  --------  ----  --------
PAGE 0:
  VECT                  00000000   00000040  00000000  00000040  RWIX
  EX_ROM                00001000   00001000  0000002d  00000fd3  RWIX

PAGE 1:
  B2                    00000060   00000020  00000000  00000020  RWIX
  B1                    00000300   00000100  00000000  00000100  RWIX


SECTION ALLOCATION MAP

 output                                  attributes/
section   page    origin      length       input sections
--------  ----  ----------  ----------   ----------------
.text      0    00001000    00000025     
                  00001000    00000025     lab4.obj (.text)

.data      0    00001025    00000008     
                  00001025    00000008     lab4.obj (.data)

.bss       1    00000060    00000000     UNINITIALIZED


GLOBAL SYMBOLS: SORTED ALPHABETICALLY BY Name 

address    name
--------   ----
00000060   .bss
00001025   .data
00001000   .text
ffffffff   ___binit__
00000060   ___bss__
ffffffff   ___c_args__
ffffffff   ___cinit__
00001025   ___data__
0000102d   ___edata__
00000060   ___end__
00001025   ___etext__
ffffffff   ___pinit__
00001000   ___text__
00000000   __lflags
ffffffff   binit
ffffffff   cinit
0000102d   edata
00000060   end
00001025   etext
ffffffff   pinit
00001000   start


GLOBAL SYMBOLS: SORTED BY Symbol Address 

address    name
--------   ----
00000000   __lflags
00000060   .bss
00000060   ___bss__
00000060   ___end__
00000060   end
00001000   .text
00001000   ___text__
00001000   start
00001025   .data
00001025   ___data__
00001025   ___etext__
00001025   etext
0000102d   ___edata__
0000102d   edata
ffffffff   ___binit__
ffffffff   ___c_args__
ffffffff   ___cinit__
ffffffff   ___pinit__
ffffffff   binit
ffffffff   cinit
ffffffff   pinit

[21 symbols]
