TimeQuest Timing Analyzer report for Signal_Generator
Wed Jun 13 10:17:28 2018
Quartus Prime Version 17.0.0 Build 595 04/25/2017 SJ Lite Edition


---------------------
; Table of Contents ;
---------------------
  1. Legal Notice
  2. TimeQuest Timing Analyzer Summary
  3. Parallel Compilation
  4. Clocks
  5. Slow 1200mV 85C Model Fmax Summary
  6. Slow 1200mV 85C Model Setup Summary
  7. Slow 1200mV 85C Model Hold Summary
  8. Slow 1200mV 85C Model Recovery Summary
  9. Slow 1200mV 85C Model Removal Summary
 10. Slow 1200mV 85C Model Minimum Pulse Width Summary
 11. Slow 1200mV 85C Model Metastability Summary
 12. Slow 1200mV 0C Model Fmax Summary
 13. Slow 1200mV 0C Model Setup Summary
 14. Slow 1200mV 0C Model Hold Summary
 15. Slow 1200mV 0C Model Recovery Summary
 16. Slow 1200mV 0C Model Removal Summary
 17. Slow 1200mV 0C Model Minimum Pulse Width Summary
 18. Slow 1200mV 0C Model Metastability Summary
 19. Fast 1200mV 0C Model Setup Summary
 20. Fast 1200mV 0C Model Hold Summary
 21. Fast 1200mV 0C Model Recovery Summary
 22. Fast 1200mV 0C Model Removal Summary
 23. Fast 1200mV 0C Model Minimum Pulse Width Summary
 24. Fast 1200mV 0C Model Metastability Summary
 25. Multicorner Timing Analysis Summary
 26. Board Trace Model Assignments
 27. Input Transition Times
 28. Signal Integrity Metrics (Slow 1200mv 0c Model)
 29. Signal Integrity Metrics (Slow 1200mv 85c Model)
 30. Signal Integrity Metrics (Fast 1200mv 0c Model)
 31. Setup Transfers
 32. Hold Transfers
 33. Report TCCS
 34. Report RSKM
 35. Unconstrained Paths Summary
 36. Clock Status Summary
 37. Unconstrained Input Ports
 38. Unconstrained Output Ports
 39. Unconstrained Input Ports
 40. Unconstrained Output Ports
 41. TimeQuest Timing Analyzer Messages



----------------
; Legal Notice ;
----------------
Copyright (C) 2017  Intel Corporation. All rights reserved.
Your use of Intel Corporation's design tools, logic functions 
and other software and tools, and its AMPP partner logic 
functions, and any output files from any of the foregoing 
(including device programming or simulation files), and any 
associated documentation or information are expressly subject 
to the terms and conditions of the Intel Program License 
Subscription Agreement, the Intel Quartus Prime License Agreement,
the Intel MegaCore Function License Agreement, or other 
applicable license agreement, including, without limitation, 
that your use is for the sole purpose of programming logic 
devices manufactured by Intel and sold by Intel or its 
authorized distributors.  Please refer to the applicable 
agreement for further details.



+-----------------------------------------------------------------------------+
; TimeQuest Timing Analyzer Summary                                           ;
+-----------------------+-----------------------------------------------------+
; Quartus Prime Version ; Version 17.0.0 Build 595 04/25/2017 SJ Lite Edition ;
; Timing Analyzer       ; TimeQuest                                           ;
; Revision Name         ; Signal_Generator                                    ;
; Device Family         ; MAX 10                                              ;
; Device Name           ; 10M08SAM153C8G                                      ;
; Timing Models         ; Final                                               ;
; Delay Model           ; Combined                                            ;
; Rise/Fall Delays      ; Enabled                                             ;
+-----------------------+-----------------------------------------------------+


+------------------------------------------+
; Parallel Compilation                     ;
+----------------------------+-------------+
; Processors                 ; Number      ;
+----------------------------+-------------+
; Number detected on machine ; 8           ;
; Maximum allowed            ; 4           ;
;                            ;             ;
; Average used               ; 1.06        ;
; Maximum used               ; 4           ;
;                            ;             ;
; Usage by Processor         ; % Time Used ;
;     Processor 1            ; 100.0%      ;
;     Processor 2            ;   1.9%      ;
;     Processors 3-4         ;   1.9%      ;
+----------------------------+-------------+


+------------------------------------------------------------------------------------------------------------------------------------------------------------------------------------------------------------------------------+
; Clocks                                                                                                                                                                                                                       ;
+-------------------------------+------+--------+------------+-------+-------+------------+-----------+-------------+-------+--------+-----------+------------+----------+--------+--------+-----------------------------------+
; Clock Name                    ; Type ; Period ; Frequency  ; Rise  ; Fall  ; Duty Cycle ; Divide by ; Multiply by ; Phase ; Offset ; Edge List ; Edge Shift ; Inverted ; Master ; Source ; Targets                           ;
+-------------------------------+------+--------+------------+-------+-------+------------+-----------+-------------+-------+--------+-----------+------------+----------+--------+--------+-----------------------------------+
; clk                           ; Base ; 1.000  ; 1000.0 MHz ; 0.000 ; 0.500 ;            ;           ;             ;       ;        ;           ;            ;          ;        ;        ; { clk }                           ;
; DAC081S101_driver:u5|dac_done ; Base ; 1.000  ; 1000.0 MHz ; 0.000 ; 0.500 ;            ;           ;             ;       ;        ;           ;            ;          ;        ;        ; { DAC081S101_driver:u5|dac_done } ;
; Encoder:u1|clk_500us          ; Base ; 1.000  ; 1000.0 MHz ; 0.000 ; 0.500 ;            ;           ;             ;       ;        ;           ;            ;          ;        ;        ; { Encoder:u1|clk_500us }          ;
; Encoder:u1|key_a_r1           ; Base ; 1.000  ; 1000.0 MHz ; 0.000 ; 0.500 ;            ;           ;             ;       ;        ;           ;            ;          ;        ;        ; { Encoder:u1|key_a_r1 }           ;
; Encoder:u1|key_b_r1           ; Base ; 1.000  ; 1000.0 MHz ; 0.000 ; 0.500 ;            ;           ;             ;       ;        ;           ;            ;          ;        ;        ; { Encoder:u1|key_b_r1 }           ;
+-------------------------------+------+--------+------------+-------+-------+------------+-----------+-------------+-------+--------+-----------+------------+----------+--------+--------+-----------------------------------+


+----------------------------------------------------------------------------------------------------------------+
; Slow 1200mV 85C Model Fmax Summary                                                                             ;
+-------------+-----------------+-------------------------------+------------------------------------------------+
; Fmax        ; Restricted Fmax ; Clock Name                    ; Note                                           ;
+-------------+-----------------+-------------------------------+------------------------------------------------+
; 214.09 MHz  ; 214.09 MHz      ; clk                           ;                                                ;
; 320.92 MHz  ; 204.04 MHz      ; DAC081S101_driver:u5|dac_done ; limit due to minimum period restriction (tmin) ;
; 364.96 MHz  ; 364.96 MHz      ; Encoder:u1|key_b_r1           ;                                                ;
; 367.92 MHz  ; 367.92 MHz      ; Encoder:u1|key_a_r1           ;                                                ;
; 1074.11 MHz ; 402.09 MHz      ; Encoder:u1|clk_500us          ; limit due to minimum period restriction (tmin) ;
+-------------+-----------------+-------------------------------+------------------------------------------------+
This panel reports FMAX for every clock in the design, regardless of the user-specified clock periods.  FMAX is only computed for paths where the source and destination registers or ports are driven by the same clock.  Paths of different clocks, including generated clocks, are ignored.  For paths between a clock and its inversion, FMAX is computed as if the rising and falling edges are scaled along with FMAX, such that the duty cycle (in terms of a percentage) is maintained. Altera recommends that you always use clock constraints and other slack reports for sign-off analysis.


+--------------------------------------------------------+
; Slow 1200mV 85C Model Setup Summary                    ;
+-------------------------------+--------+---------------+
; Clock                         ; Slack  ; End Point TNS ;
+-------------------------------+--------+---------------+
; clk                           ; -3.671 ; -144.219      ;
; DAC081S101_driver:u5|dac_done ; -2.116 ; -30.287       ;
; Encoder:u1|key_b_r1           ; -0.870 ; -0.870        ;
; Encoder:u1|key_a_r1           ; -0.859 ; -0.859        ;
; Encoder:u1|clk_500us          ; -0.675 ; -1.140        ;
+-------------------------------+--------+---------------+


+-------------------------------------------------------+
; Slow 1200mV 85C Model Hold Summary                    ;
+-------------------------------+-------+---------------+
; Clock                         ; Slack ; End Point TNS ;
+-------------------------------+-------+---------------+
; Encoder:u1|key_b_r1           ; 0.266 ; 0.000         ;
; DAC081S101_driver:u5|dac_done ; 0.297 ; 0.000         ;
; Encoder:u1|key_a_r1           ; 0.321 ; 0.000         ;
; clk                           ; 0.362 ; 0.000         ;
; Encoder:u1|clk_500us          ; 0.485 ; 0.000         ;
+-------------------------------+-------+---------------+


------------------------------------------
; Slow 1200mV 85C Model Recovery Summary ;
------------------------------------------
No paths to report.


-----------------------------------------
; Slow 1200mV 85C Model Removal Summary ;
-----------------------------------------
No paths to report.


+--------------------------------------------------------+
; Slow 1200mV 85C Model Minimum Pulse Width Summary      ;
+-------------------------------+--------+---------------+
; Clock                         ; Slack  ; End Point TNS ;
+-------------------------------+--------+---------------+
; DAC081S101_driver:u5|dac_done ; -3.901 ; -47.005       ;
; clk                           ; -3.000 ; -108.577      ;
; Encoder:u1|clk_500us          ; -1.487 ; -8.922        ;
; Encoder:u1|key_a_r1           ; 0.458  ; 0.000         ;
; Encoder:u1|key_b_r1           ; 0.477  ; 0.000         ;
+-------------------------------+--------+---------------+


-----------------------------------------------
; Slow 1200mV 85C Model Metastability Summary ;
-----------------------------------------------
Design MTBF is not calculated because the design doesn't meet its timing requirements.



+----------------------------------------------------------------------------------------------------------------+
; Slow 1200mV 0C Model Fmax Summary                                                                              ;
+-------------+-----------------+-------------------------------+------------------------------------------------+
; Fmax        ; Restricted Fmax ; Clock Name                    ; Note                                           ;
+-------------+-----------------+-------------------------------+------------------------------------------------+
; 223.96 MHz  ; 223.96 MHz      ; clk                           ;                                                ;
; 349.77 MHz  ; 204.04 MHz      ; DAC081S101_driver:u5|dac_done ; limit due to minimum period restriction (tmin) ;
; 422.3 MHz   ; 422.3 MHz       ; Encoder:u1|key_a_r1           ;                                                ;
; 425.17 MHz  ; 425.17 MHz      ; Encoder:u1|key_b_r1           ;                                                ;
; 1176.47 MHz ; 402.09 MHz      ; Encoder:u1|clk_500us          ; limit due to minimum period restriction (tmin) ;
+-------------+-----------------+-------------------------------+------------------------------------------------+
This panel reports FMAX for every clock in the design, regardless of the user-specified clock periods.  FMAX is only computed for paths where the source and destination registers or ports are driven by the same clock.  Paths of different clocks, including generated clocks, are ignored.  For paths between a clock and its inversion, FMAX is computed as if the rising and falling edges are scaled along with FMAX, such that the duty cycle (in terms of a percentage) is maintained. Altera recommends that you always use clock constraints and other slack reports for sign-off analysis.


+--------------------------------------------------------+
; Slow 1200mV 0C Model Setup Summary                     ;
+-------------------------------+--------+---------------+
; Clock                         ; Slack  ; End Point TNS ;
+-------------------------------+--------+---------------+
; clk                           ; -3.465 ; -130.732      ;
; DAC081S101_driver:u5|dac_done ; -1.859 ; -26.672       ;
; Encoder:u1|key_a_r1           ; -0.684 ; -0.684        ;
; Encoder:u1|key_b_r1           ; -0.676 ; -0.676        ;
; Encoder:u1|clk_500us          ; -0.541 ; -0.891        ;
+-------------------------------+--------+---------------+


+-------------------------------------------------------+
; Slow 1200mV 0C Model Hold Summary                     ;
+-------------------------------+-------+---------------+
; Clock                         ; Slack ; End Point TNS ;
+-------------------------------+-------+---------------+
; Encoder:u1|key_b_r1           ; 0.252 ; 0.000         ;
; DAC081S101_driver:u5|dac_done ; 0.272 ; 0.000         ;
; Encoder:u1|key_a_r1           ; 0.315 ; 0.000         ;
; clk                           ; 0.324 ; 0.000         ;
; Encoder:u1|clk_500us          ; 0.456 ; 0.000         ;
+-------------------------------+-------+---------------+


-----------------------------------------
; Slow 1200mV 0C Model Recovery Summary ;
-----------------------------------------
No paths to report.


----------------------------------------
; Slow 1200mV 0C Model Removal Summary ;
----------------------------------------
No paths to report.


+--------------------------------------------------------+
; Slow 1200mV 0C Model Minimum Pulse Width Summary       ;
+-------------------------------+--------+---------------+
; Clock                         ; Slack  ; End Point TNS ;
+-------------------------------+--------+---------------+
; DAC081S101_driver:u5|dac_done ; -3.901 ; -47.005       ;
; clk                           ; -3.000 ; -108.577      ;
; Encoder:u1|clk_500us          ; -1.487 ; -8.922        ;
; Encoder:u1|key_b_r1           ; 0.398  ; 0.000         ;
; Encoder:u1|key_a_r1           ; 0.413  ; 0.000         ;
+-------------------------------+--------+---------------+


----------------------------------------------
; Slow 1200mV 0C Model Metastability Summary ;
----------------------------------------------
Design MTBF is not calculated because the design doesn't meet its timing requirements.



+--------------------------------------------------------+
; Fast 1200mV 0C Model Setup Summary                     ;
+-------------------------------+--------+---------------+
; Clock                         ; Slack  ; End Point TNS ;
+-------------------------------+--------+---------------+
; clk                           ; -0.878 ; -16.788       ;
; DAC081S101_driver:u5|dac_done ; -0.330 ; -2.806        ;
; Encoder:u1|key_b_r1           ; -0.069 ; -0.069        ;
; Encoder:u1|clk_500us          ; -0.063 ; -0.063        ;
; Encoder:u1|key_a_r1           ; -0.044 ; -0.044        ;
+-------------------------------+--------+---------------+


+-------------------------------------------------------+
; Fast 1200mV 0C Model Hold Summary                     ;
+-------------------------------+-------+---------------+
; Clock                         ; Slack ; End Point TNS ;
+-------------------------------+-------+---------------+
; Encoder:u1|key_b_r1           ; 0.086 ; 0.000         ;
; DAC081S101_driver:u5|dac_done ; 0.099 ; 0.000         ;
; Encoder:u1|key_a_r1           ; 0.107 ; 0.000         ;
; clk                           ; 0.151 ; 0.000         ;
; Encoder:u1|clk_500us          ; 0.163 ; 0.000         ;
+-------------------------------+-------+---------------+


-----------------------------------------
; Fast 1200mV 0C Model Recovery Summary ;
-----------------------------------------
No paths to report.


----------------------------------------
; Fast 1200mV 0C Model Removal Summary ;
----------------------------------------
No paths to report.


+--------------------------------------------------------+
; Fast 1200mV 0C Model Minimum Pulse Width Summary       ;
+-------------------------------+--------+---------------+
; Clock                         ; Slack  ; End Point TNS ;
+-------------------------------+--------+---------------+
; clk                           ; -3.000 ; -86.061       ;
; DAC081S101_driver:u5|dac_done ; -1.000 ; -17.000       ;
; Encoder:u1|clk_500us          ; -1.000 ; -6.000        ;
; Encoder:u1|key_a_r1           ; 0.412  ; 0.000         ;
; Encoder:u1|key_b_r1           ; 0.414  ; 0.000         ;
+-------------------------------+--------+---------------+


----------------------------------------------
; Fast 1200mV 0C Model Metastability Summary ;
----------------------------------------------
Design MTBF is not calculated because the design doesn't meet its timing requirements.



+----------------------------------------------------------------------------------------------+
; Multicorner Timing Analysis Summary                                                          ;
+--------------------------------+----------+-------+----------+---------+---------------------+
; Clock                          ; Setup    ; Hold  ; Recovery ; Removal ; Minimum Pulse Width ;
+--------------------------------+----------+-------+----------+---------+---------------------+
; Worst-case Slack               ; -3.671   ; 0.086 ; N/A      ; N/A     ; -3.901              ;
;  DAC081S101_driver:u5|dac_done ; -2.116   ; 0.099 ; N/A      ; N/A     ; -3.901              ;
;  Encoder:u1|clk_500us          ; -0.675   ; 0.163 ; N/A      ; N/A     ; -1.487              ;
;  Encoder:u1|key_a_r1           ; -0.859   ; 0.107 ; N/A      ; N/A     ; 0.412               ;
;  Encoder:u1|key_b_r1           ; -0.870   ; 0.086 ; N/A      ; N/A     ; 0.398               ;
;  clk                           ; -3.671   ; 0.151 ; N/A      ; N/A     ; -3.000              ;
; Design-wide TNS                ; -177.375 ; 0.0   ; 0.0      ; 0.0     ; -164.504            ;
;  DAC081S101_driver:u5|dac_done ; -30.287  ; 0.000 ; N/A      ; N/A     ; -47.005             ;
;  Encoder:u1|clk_500us          ; -1.140   ; 0.000 ; N/A      ; N/A     ; -8.922              ;
;  Encoder:u1|key_a_r1           ; -0.859   ; 0.000 ; N/A      ; N/A     ; 0.000               ;
;  Encoder:u1|key_b_r1           ; -0.870   ; 0.000 ; N/A      ; N/A     ; 0.000               ;
;  clk                           ; -144.219 ; 0.000 ; N/A      ; N/A     ; -108.577            ;
+--------------------------------+----------+-------+----------+---------+---------------------+


+-----------------------------------------------------------------------------------------------------------------------------------------------------------------------------------------------------------------------------------------------------------------------------------------------------------------------------------------------------------------------------------------------------------------+
; Board Trace Model Assignments                                                                                                                                                                                                                                                                                                                                                                                   ;
+--------------+--------------+-------------------+-------------------------+-------------------------+---------------+---------------------+----------------+------------------+--------+------------------+------------------------+------------------------+--------------+---------------+-----------------+-------+---------------------+--------------------+---------------+-----------------+-------------+
; Pin          ; I/O Standard ; Near Tline Length ; Near Tline L per Length ; Near Tline C per Length ; Near Series R ; Near Differential R ; Near Pull-up R ; Near Pull-down R ; Near C ; Far Tline Length ; Far Tline L per Length ; Far Tline C per Length ; Far Series R ; Far Pull-up R ; Far Pull-down R ; Far C ; Termination Voltage ; Far Differential R ; EBD File Name ; EBD Signal Name ; EBD Far-end ;
+--------------+--------------+-------------------+-------------------------+-------------------------+---------------+---------------------+----------------+------------------+--------+------------------+------------------------+------------------------+--------------+---------------+-----------------+-------+---------------------+--------------------+---------------+-----------------+-------------+
; dac_sync     ; 3.3-V LVCMOS ; 0 in              ; 0 H/in                  ; 0 F/in                  ; short         ; -                   ; open           ; open             ; open   ; 0 in             ; 0 H/in                 ; 0 F/in                 ; short        ; open          ; open            ; open  ; 0 V                 ; -                  ; n/a           ; n/a             ; n/a         ;
; dac_clk      ; 3.3-V LVCMOS ; 0 in              ; 0 H/in                  ; 0 F/in                  ; short         ; -                   ; open           ; open             ; open   ; 0 in             ; 0 H/in                 ; 0 F/in                 ; short        ; open          ; open            ; open  ; 0 V                 ; -                  ; n/a           ; n/a             ; n/a         ;
; dac_dat      ; 3.3-V LVCMOS ; 0 in              ; 0 H/in                  ; 0 F/in                  ; short         ; -                   ; open           ; open             ; open   ; 0 in             ; 0 H/in                 ; 0 F/in                 ; short        ; open          ; open            ; open  ; 0 V                 ; -                  ; n/a           ; n/a             ; n/a         ;
; ~ALTERA_TDO~ ; 3.3-V LVCMOS ; 0 in              ; 0 H/in                  ; 0 F/in                  ; short         ; -                   ; open           ; open             ; open   ; 0 in             ; 0 H/in                 ; 0 F/in                 ; short        ; open          ; open            ; open  ; 0 V                 ; -                  ; n/a           ; n/a             ; n/a         ;
+--------------+--------------+-------------------+-------------------------+-------------------------+---------------+---------------------+----------------+------------------+--------+------------------+------------------------+------------------------+--------------+---------------+-----------------+-------+---------------------+--------------------+---------------+-----------------+-------------+


+---------------------------------------------------------------------------------+
; Input Transition Times                                                          ;
+---------------------+-----------------------+-----------------+-----------------+
; Pin                 ; I/O Standard          ; 10-90 Rise Time ; 90-10 Fall Time ;
+---------------------+-----------------------+-----------------+-----------------+
; clk                 ; 3.3-V LVCMOS          ; 2640 ps         ; 2640 ps         ;
; rst_n               ; 3.3-V LVCMOS          ; 2640 ps         ; 2640 ps         ;
; key_o               ; 3.3-V LVCMOS          ; 2640 ps         ; 2640 ps         ;
; key_b               ; 3.3-V LVCMOS          ; 2640 ps         ; 2640 ps         ;
; key_a               ; 3.3-V LVCMOS          ; 2640 ps         ; 2640 ps         ;
; ~ALTERA_TMS~        ; 3.3 V Schmitt Trigger ; 2640 ps         ; 2640 ps         ;
; ~ALTERA_TCK~        ; 3.3 V Schmitt Trigger ; 2640 ps         ; 2640 ps         ;
; ~ALTERA_TDI~        ; 3.3 V Schmitt Trigger ; 2640 ps         ; 2640 ps         ;
; ~ALTERA_CONFIG_SEL~ ; 3.3-V LVCMOS          ; 2640 ps         ; 2640 ps         ;
; ~ALTERA_nCONFIG~    ; 3.3 V Schmitt Trigger ; 2640 ps         ; 2640 ps         ;
; ~ALTERA_nSTATUS~    ; 3.3 V Schmitt Trigger ; 2640 ps         ; 2640 ps         ;
; ~ALTERA_CONF_DONE~  ; 3.3 V Schmitt Trigger ; 2640 ps         ; 2640 ps         ;
+---------------------+-----------------------+-----------------+-----------------+


+-------------------------------------------------------------------------------------------------------------------------------------------------------------------------------------------------------------------------------------------------------------------------------------------------------------------------------------------------------------------------------------------------------------------------------------------------------------------------------------------------------------------------------------------------------------------------------------------------------------------------------------------------------------------------------------------+
; Signal Integrity Metrics (Slow 1200mv 0c Model)                                                                                                                                                                                                                                                                                                                                                                                                                                                                                                                                                                                                                                           ;
+--------------+--------------+---------------------+---------------------+------------------------------+------------------------------+---------------------+---------------------+--------------------------------------+--------------------------------------+-----------------------------+-----------------------------+----------------------------+----------------------------+-----------------------------+-----------------------------+--------------------+--------------------+-------------------------------------+-------------------------------------+----------------------------+----------------------------+---------------------------+---------------------------+
; Pin          ; I/O Standard ; Board Delay on Rise ; Board Delay on Fall ; Steady State Voh at FPGA Pin ; Steady State Vol at FPGA Pin ; Voh Max at FPGA Pin ; Vol Min at FPGA Pin ; Ringback Voltage on Rise at FPGA Pin ; Ringback Voltage on Fall at FPGA Pin ; 10-90 Rise Time at FPGA Pin ; 90-10 Fall Time at FPGA Pin ; Monotonic Rise at FPGA Pin ; Monotonic Fall at FPGA Pin ; Steady State Voh at Far-end ; Steady State Vol at Far-end ; Voh Max at Far-end ; Vol Min at Far-end ; Ringback Voltage on Rise at Far-end ; Ringback Voltage on Fall at Far-end ; 10-90 Rise Time at Far-end ; 90-10 Fall Time at Far-end ; Monotonic Rise at Far-end ; Monotonic Fall at Far-end ;
+--------------+--------------+---------------------+---------------------+------------------------------+------------------------------+---------------------+---------------------+--------------------------------------+--------------------------------------+-----------------------------+-----------------------------+----------------------------+----------------------------+-----------------------------+-----------------------------+--------------------+--------------------+-------------------------------------+-------------------------------------+----------------------------+----------------------------+---------------------------+---------------------------+
; dac_sync     ; 3.3-V LVCMOS ; 0 s                 ; 0 s                 ; 3.08 V                       ; 3.68e-08 V                   ; 3.12 V              ; -0.0463 V           ; 0.208 V                              ; 0.277 V                              ; 8.5e-10 s                   ; 8.53e-10 s                  ; No                         ; No                         ; 3.08 V                      ; 3.68e-08 V                  ; 3.12 V             ; -0.0463 V          ; 0.208 V                             ; 0.277 V                             ; 8.5e-10 s                  ; 8.53e-10 s                 ; No                        ; No                        ;
; dac_clk      ; 3.3-V LVCMOS ; 0 s                 ; 0 s                 ; 3.08 V                       ; 3.68e-08 V                   ; 3.12 V              ; -0.0464 V           ; 0.207 V                              ; 0.276 V                              ; 8.51e-10 s                  ; 8.52e-10 s                  ; No                         ; No                         ; 3.08 V                      ; 3.68e-08 V                  ; 3.12 V             ; -0.0464 V          ; 0.207 V                             ; 0.276 V                             ; 8.51e-10 s                 ; 8.52e-10 s                 ; No                        ; No                        ;
; dac_dat      ; 3.3-V LVCMOS ; 0 s                 ; 0 s                 ; 3.08 V                       ; 3.68e-08 V                   ; 3.12 V              ; -0.0463 V           ; 0.208 V                              ; 0.277 V                              ; 8.5e-10 s                   ; 8.53e-10 s                  ; No                         ; No                         ; 3.08 V                      ; 3.68e-08 V                  ; 3.12 V             ; -0.0463 V          ; 0.208 V                             ; 0.277 V                             ; 8.5e-10 s                  ; 8.53e-10 s                 ; No                        ; No                        ;
; ~ALTERA_TDO~ ; 3.3-V LVCMOS ; 0 s                 ; 0 s                 ; 3.08 V                       ; 2.08e-08 V                   ; 3.19 V              ; -0.126 V            ; 0.218 V                              ; 0.383 V                              ; 4.51e-10 s                  ; 4.73e-10 s                  ; No                         ; No                         ; 3.08 V                      ; 2.08e-08 V                  ; 3.19 V             ; -0.126 V           ; 0.218 V                             ; 0.383 V                             ; 4.51e-10 s                 ; 4.73e-10 s                 ; No                        ; No                        ;
+--------------+--------------+---------------------+---------------------+------------------------------+------------------------------+---------------------+---------------------+--------------------------------------+--------------------------------------+-----------------------------+-----------------------------+----------------------------+----------------------------+-----------------------------+-----------------------------+--------------------+--------------------+-------------------------------------+-------------------------------------+----------------------------+----------------------------+---------------------------+---------------------------+


+-------------------------------------------------------------------------------------------------------------------------------------------------------------------------------------------------------------------------------------------------------------------------------------------------------------------------------------------------------------------------------------------------------------------------------------------------------------------------------------------------------------------------------------------------------------------------------------------------------------------------------------------------------------------------------------------+
; Signal Integrity Metrics (Slow 1200mv 85c Model)                                                                                                                                                                                                                                                                                                                                                                                                                                                                                                                                                                                                                                          ;
+--------------+--------------+---------------------+---------------------+------------------------------+------------------------------+---------------------+---------------------+--------------------------------------+--------------------------------------+-----------------------------+-----------------------------+----------------------------+----------------------------+-----------------------------+-----------------------------+--------------------+--------------------+-------------------------------------+-------------------------------------+----------------------------+----------------------------+---------------------------+---------------------------+
; Pin          ; I/O Standard ; Board Delay on Rise ; Board Delay on Fall ; Steady State Voh at FPGA Pin ; Steady State Vol at FPGA Pin ; Voh Max at FPGA Pin ; Vol Min at FPGA Pin ; Ringback Voltage on Rise at FPGA Pin ; Ringback Voltage on Fall at FPGA Pin ; 10-90 Rise Time at FPGA Pin ; 90-10 Fall Time at FPGA Pin ; Monotonic Rise at FPGA Pin ; Monotonic Fall at FPGA Pin ; Steady State Voh at Far-end ; Steady State Vol at Far-end ; Voh Max at Far-end ; Vol Min at Far-end ; Ringback Voltage on Rise at Far-end ; Ringback Voltage on Fall at Far-end ; 10-90 Rise Time at Far-end ; 90-10 Fall Time at Far-end ; Monotonic Rise at Far-end ; Monotonic Fall at Far-end ;
+--------------+--------------+---------------------+---------------------+------------------------------+------------------------------+---------------------+---------------------+--------------------------------------+--------------------------------------+-----------------------------+-----------------------------+----------------------------+----------------------------+-----------------------------+-----------------------------+--------------------+--------------------+-------------------------------------+-------------------------------------+----------------------------+----------------------------+---------------------------+---------------------------+
; dac_sync     ; 3.3-V LVCMOS ; 0 s                 ; 0 s                 ; 3.08 V                       ; 2.3e-06 V                    ; 3.1 V               ; -0.0199 V           ; 0.191 V                              ; 0.262 V                              ; 1.03e-09 s                  ; 1.05e-09 s                  ; Yes                        ; Yes                        ; 3.08 V                      ; 2.3e-06 V                   ; 3.1 V              ; -0.0199 V          ; 0.191 V                             ; 0.262 V                             ; 1.03e-09 s                 ; 1.05e-09 s                 ; Yes                       ; Yes                       ;
; dac_clk      ; 3.3-V LVCMOS ; 0 s                 ; 0 s                 ; 3.08 V                       ; 2.3e-06 V                    ; 3.1 V               ; -0.0196 V           ; 0.191 V                              ; 0.261 V                              ; 1.03e-09 s                  ; 1.05e-09 s                  ; Yes                        ; Yes                        ; 3.08 V                      ; 2.3e-06 V                   ; 3.1 V              ; -0.0196 V          ; 0.191 V                             ; 0.261 V                             ; 1.03e-09 s                 ; 1.05e-09 s                 ; Yes                       ; Yes                       ;
; dac_dat      ; 3.3-V LVCMOS ; 0 s                 ; 0 s                 ; 3.08 V                       ; 2.3e-06 V                    ; 3.1 V               ; -0.0199 V           ; 0.191 V                              ; 0.262 V                              ; 1.03e-09 s                  ; 1.05e-09 s                  ; Yes                        ; Yes                        ; 3.08 V                      ; 2.3e-06 V                   ; 3.1 V              ; -0.0199 V          ; 0.191 V                             ; 0.262 V                             ; 1.03e-09 s                 ; 1.05e-09 s                 ; Yes                       ; Yes                       ;
; ~ALTERA_TDO~ ; 3.3-V LVCMOS ; 0 s                 ; 0 s                 ; 3.08 V                       ; 1.3e-06 V                    ; 3.15 V              ; -0.0682 V           ; 0.279 V                              ; 0.237 V                              ; 4.81e-10 s                  ; 6.4e-10 s                   ; Yes                        ; No                         ; 3.08 V                      ; 1.3e-06 V                   ; 3.15 V             ; -0.0682 V          ; 0.279 V                             ; 0.237 V                             ; 4.81e-10 s                 ; 6.4e-10 s                  ; Yes                       ; No                        ;
+--------------+--------------+---------------------+---------------------+------------------------------+------------------------------+---------------------+---------------------+--------------------------------------+--------------------------------------+-----------------------------+-----------------------------+----------------------------+----------------------------+-----------------------------+-----------------------------+--------------------+--------------------+-------------------------------------+-------------------------------------+----------------------------+----------------------------+---------------------------+---------------------------+


+-------------------------------------------------------------------------------------------------------------------------------------------------------------------------------------------------------------------------------------------------------------------------------------------------------------------------------------------------------------------------------------------------------------------------------------------------------------------------------------------------------------------------------------------------------------------------------------------------------------------------------------------------------------------------------------------+
; Signal Integrity Metrics (Fast 1200mv 0c Model)                                                                                                                                                                                                                                                                                                                                                                                                                                                                                                                                                                                                                                           ;
+--------------+--------------+---------------------+---------------------+------------------------------+------------------------------+---------------------+---------------------+--------------------------------------+--------------------------------------+-----------------------------+-----------------------------+----------------------------+----------------------------+-----------------------------+-----------------------------+--------------------+--------------------+-------------------------------------+-------------------------------------+----------------------------+----------------------------+---------------------------+---------------------------+
; Pin          ; I/O Standard ; Board Delay on Rise ; Board Delay on Fall ; Steady State Voh at FPGA Pin ; Steady State Vol at FPGA Pin ; Voh Max at FPGA Pin ; Vol Min at FPGA Pin ; Ringback Voltage on Rise at FPGA Pin ; Ringback Voltage on Fall at FPGA Pin ; 10-90 Rise Time at FPGA Pin ; 90-10 Fall Time at FPGA Pin ; Monotonic Rise at FPGA Pin ; Monotonic Fall at FPGA Pin ; Steady State Voh at Far-end ; Steady State Vol at Far-end ; Voh Max at Far-end ; Vol Min at Far-end ; Ringback Voltage on Rise at Far-end ; Ringback Voltage on Fall at Far-end ; 10-90 Rise Time at Far-end ; 90-10 Fall Time at Far-end ; Monotonic Rise at Far-end ; Monotonic Fall at Far-end ;
+--------------+--------------+---------------------+---------------------+------------------------------+------------------------------+---------------------+---------------------+--------------------------------------+--------------------------------------+-----------------------------+-----------------------------+----------------------------+----------------------------+-----------------------------+-----------------------------+--------------------+--------------------+-------------------------------------+-------------------------------------+----------------------------+----------------------------+---------------------------+---------------------------+
; dac_sync     ; 3.3-V LVCMOS ; 0 s                 ; 0 s                 ; 3.46 V                       ; 8.93e-07 V                   ; 3.53 V              ; -0.0306 V           ; 0.247 V                              ; 0.251 V                              ; 6.54e-10 s                  ; 6.68e-10 s                  ; No                         ; Yes                        ; 3.46 V                      ; 8.93e-07 V                  ; 3.53 V             ; -0.0306 V          ; 0.247 V                             ; 0.251 V                             ; 6.54e-10 s                 ; 6.68e-10 s                 ; No                        ; Yes                       ;
; dac_clk      ; 3.3-V LVCMOS ; 0 s                 ; 0 s                 ; 3.46 V                       ; 8.93e-07 V                   ; 3.53 V              ; -0.0306 V           ; 0.247 V                              ; 0.252 V                              ; 6.55e-10 s                  ; 6.68e-10 s                  ; No                         ; Yes                        ; 3.46 V                      ; 8.93e-07 V                  ; 3.53 V             ; -0.0306 V          ; 0.247 V                             ; 0.252 V                             ; 6.55e-10 s                 ; 6.68e-10 s                 ; No                        ; Yes                       ;
; dac_dat      ; 3.3-V LVCMOS ; 0 s                 ; 0 s                 ; 3.46 V                       ; 8.93e-07 V                   ; 3.53 V              ; -0.0306 V           ; 0.247 V                              ; 0.251 V                              ; 6.54e-10 s                  ; 6.68e-10 s                  ; No                         ; Yes                        ; 3.46 V                      ; 8.93e-07 V                  ; 3.53 V             ; -0.0306 V          ; 0.247 V                             ; 0.251 V                             ; 6.54e-10 s                 ; 6.68e-10 s                 ; No                        ; Yes                       ;
; ~ALTERA_TDO~ ; 3.3-V LVCMOS ; 0 s                 ; 0 s                 ; 3.46 V                       ; 5.04e-07 V                   ; 3.64 V              ; -0.0201 V           ; 0.391 V                              ; 0.088 V                              ; 2.79e-10 s                  ; 3.95e-10 s                  ; No                         ; Yes                        ; 3.46 V                      ; 5.04e-07 V                  ; 3.64 V             ; -0.0201 V          ; 0.391 V                             ; 0.088 V                             ; 2.79e-10 s                 ; 3.95e-10 s                 ; No                        ; Yes                       ;
+--------------+--------------+---------------------+---------------------+------------------------------+------------------------------+---------------------+---------------------+--------------------------------------+--------------------------------------+-----------------------------+-----------------------------+----------------------------+----------------------------+-----------------------------+-----------------------------+--------------------+--------------------+-------------------------------------+-------------------------------------+----------------------------+----------------------------+---------------------------+---------------------------+


+-----------------------------------------------------------------------------------------------------------+
; Setup Transfers                                                                                           ;
+-------------------------------+-------------------------------+----------+----------+----------+----------+
; From Clock                    ; To Clock                      ; RR Paths ; FR Paths ; RF Paths ; FF Paths ;
+-------------------------------+-------------------------------+----------+----------+----------+----------+
; clk                           ; clk                           ; 943      ; 0        ; 0        ; 0        ;
; DAC081S101_driver:u5|dac_done ; clk                           ; 43       ; 1        ; 0        ; 0        ;
; Encoder:u1|clk_500us          ; clk                           ; 1        ; 1        ; 0        ; 0        ;
; Encoder:u1|key_a_r1           ; clk                           ; 1        ; 0        ; 0        ; 0        ;
; Encoder:u1|key_b_r1           ; clk                           ; 2        ; 0        ; 0        ; 0        ;
; clk                           ; DAC081S101_driver:u5|dac_done ; 36       ; 0        ; 0        ; 0        ;
; DAC081S101_driver:u5|dac_done ; DAC081S101_driver:u5|dac_done ; 52       ; 0        ; 0        ; 0        ;
; Encoder:u1|clk_500us          ; Encoder:u1|clk_500us          ; 2        ; 0        ; 0        ; 0        ;
; Encoder:u1|key_a_r1           ; Encoder:u1|clk_500us          ; 1        ; 1        ; 0        ; 0        ;
; Encoder:u1|key_b_r1           ; Encoder:u1|clk_500us          ; 1        ; 1        ; 0        ; 0        ;
; Encoder:u1|clk_500us          ; Encoder:u1|key_a_r1           ; 1        ; 0        ; 0        ; 0        ;
; Encoder:u1|key_a_r1           ; Encoder:u1|key_a_r1           ; 1        ; 1        ; 0        ; 0        ;
; Encoder:u1|clk_500us          ; Encoder:u1|key_b_r1           ; 1        ; 0        ; 0        ; 0        ;
; Encoder:u1|key_b_r1           ; Encoder:u1|key_b_r1           ; 1        ; 1        ; 0        ; 0        ;
+-------------------------------+-------------------------------+----------+----------+----------+----------+
Entries labeled "false path" only account for clock-to-clock false paths and not path-based false paths. As a result, actual path counts may be lower than reported.


+-----------------------------------------------------------------------------------------------------------+
; Hold Transfers                                                                                            ;
+-------------------------------+-------------------------------+----------+----------+----------+----------+
; From Clock                    ; To Clock                      ; RR Paths ; FR Paths ; RF Paths ; FF Paths ;
+-------------------------------+-------------------------------+----------+----------+----------+----------+
; clk                           ; clk                           ; 943      ; 0        ; 0        ; 0        ;
; DAC081S101_driver:u5|dac_done ; clk                           ; 43       ; 1        ; 0        ; 0        ;
; Encoder:u1|clk_500us          ; clk                           ; 1        ; 1        ; 0        ; 0        ;
; Encoder:u1|key_a_r1           ; clk                           ; 1        ; 0        ; 0        ; 0        ;
; Encoder:u1|key_b_r1           ; clk                           ; 2        ; 0        ; 0        ; 0        ;
; clk                           ; DAC081S101_driver:u5|dac_done ; 36       ; 0        ; 0        ; 0        ;
; DAC081S101_driver:u5|dac_done ; DAC081S101_driver:u5|dac_done ; 52       ; 0        ; 0        ; 0        ;
; Encoder:u1|clk_500us          ; Encoder:u1|clk_500us          ; 2        ; 0        ; 0        ; 0        ;
; Encoder:u1|key_a_r1           ; Encoder:u1|clk_500us          ; 1        ; 1        ; 0        ; 0        ;
; Encoder:u1|key_b_r1           ; Encoder:u1|clk_500us          ; 1        ; 1        ; 0        ; 0        ;
; Encoder:u1|clk_500us          ; Encoder:u1|key_a_r1           ; 1        ; 0        ; 0        ; 0        ;
; Encoder:u1|key_a_r1           ; Encoder:u1|key_a_r1           ; 1        ; 1        ; 0        ; 0        ;
; Encoder:u1|clk_500us          ; Encoder:u1|key_b_r1           ; 1        ; 0        ; 0        ; 0        ;
; Encoder:u1|key_b_r1           ; Encoder:u1|key_b_r1           ; 1        ; 1        ; 0        ; 0        ;
+-------------------------------+-------------------------------+----------+----------+----------+----------+
Entries labeled "false path" only account for clock-to-clock false paths and not path-based false paths. As a result, actual path counts may be lower than reported.


---------------
; Report TCCS ;
---------------
No dedicated SERDES Transmitter circuitry present in device or used in design


---------------
; Report RSKM ;
---------------
No non-DPA dedicated SERDES Receiver circuitry present in device or used in design


+------------------------------------------------+
; Unconstrained Paths Summary                    ;
+---------------------------------+-------+------+
; Property                        ; Setup ; Hold ;
+---------------------------------+-------+------+
; Illegal Clocks                  ; 0     ; 0    ;
; Unconstrained Clocks            ; 0     ; 0    ;
; Unconstrained Input Ports       ; 4     ; 4    ;
; Unconstrained Input Port Paths  ; 77    ; 77   ;
; Unconstrained Output Ports      ; 3     ; 3    ;
; Unconstrained Output Port Paths ; 3     ; 3    ;
+---------------------------------+-------+------+


+------------------------------------------------------------------------------------+
; Clock Status Summary                                                               ;
+-------------------------------+-------------------------------+------+-------------+
; Target                        ; Clock                         ; Type ; Status      ;
+-------------------------------+-------------------------------+------+-------------+
; DAC081S101_driver:u5|dac_done ; DAC081S101_driver:u5|dac_done ; Base ; Constrained ;
; Encoder:u1|clk_500us          ; Encoder:u1|clk_500us          ; Base ; Constrained ;
; Encoder:u1|key_a_r1           ; Encoder:u1|key_a_r1           ; Base ; Constrained ;
; Encoder:u1|key_b_r1           ; Encoder:u1|key_b_r1           ; Base ; Constrained ;
; clk                           ; clk                           ; Base ; Constrained ;
+-------------------------------+-------------------------------+------+-------------+


+---------------------------------------------------------------------------------------------------+
; Unconstrained Input Ports                                                                         ;
+------------+--------------------------------------------------------------------------------------+
; Input Port ; Comment                                                                              ;
+------------+--------------------------------------------------------------------------------------+
; key_a      ; No input delay, min/max delays, false-path exceptions, or max skew assignments found ;
; key_b      ; No input delay, min/max delays, false-path exceptions, or max skew assignments found ;
; key_o      ; No input delay, min/max delays, false-path exceptions, or max skew assignments found ;
; rst_n      ; No input delay, min/max delays, false-path exceptions, or max skew assignments found ;
+------------+--------------------------------------------------------------------------------------+


+-----------------------------------------------------------------------------------------------------+
; Unconstrained Output Ports                                                                          ;
+-------------+---------------------------------------------------------------------------------------+
; Output Port ; Comment                                                                               ;
+-------------+---------------------------------------------------------------------------------------+
; dac_clk     ; No output delay, min/max delays, false-path exceptions, or max skew assignments found ;
; dac_dat     ; No output delay, min/max delays, false-path exceptions, or max skew assignments found ;
; dac_sync    ; No output delay, min/max delays, false-path exceptions, or max skew assignments found ;
+-------------+---------------------------------------------------------------------------------------+


+---------------------------------------------------------------------------------------------------+
; Unconstrained Input Ports                                                                         ;
+------------+--------------------------------------------------------------------------------------+
; Input Port ; Comment                                                                              ;
+------------+--------------------------------------------------------------------------------------+
; key_a      ; No input delay, min/max delays, false-path exceptions, or max skew assignments found ;
; key_b      ; No input delay, min/max delays, false-path exceptions, or max skew assignments found ;
; key_o      ; No input delay, min/max delays, false-path exceptions, or max skew assignments found ;
; rst_n      ; No input delay, min/max delays, false-path exceptions, or max skew assignments found ;
+------------+--------------------------------------------------------------------------------------+


+-----------------------------------------------------------------------------------------------------+
; Unconstrained Output Ports                                                                          ;
+-------------+---------------------------------------------------------------------------------------+
; Output Port ; Comment                                                                               ;
+-------------+---------------------------------------------------------------------------------------+
; dac_clk     ; No output delay, min/max delays, false-path exceptions, or max skew assignments found ;
; dac_dat     ; No output delay, min/max delays, false-path exceptions, or max skew assignments found ;
; dac_sync    ; No output delay, min/max delays, false-path exceptions, or max skew assignments found ;
+-------------+---------------------------------------------------------------------------------------+


+------------------------------------+
; TimeQuest Timing Analyzer Messages ;
+------------------------------------+
Info: *******************************************************************
Info: Running Quartus Prime TimeQuest Timing Analyzer
    Info: Version 17.0.0 Build 595 04/25/2017 SJ Lite Edition
    Info: Processing started: Wed Jun 13 10:17:24 2018
Info: Command: quartus_sta Signal_Generator -c Signal_Generator
Info: qsta_default_script.tcl version: #1
Warning (18236): Number of processors has not been specified which may cause overloading on shared machines.  Set the global assignment NUM_PARALLEL_PROCESSORS in your QSF to an appropriate value for best performance.
Info (20030): Parallel compilation is enabled and will use 4 of the 4 processors detected
Info (21077): Low junction temperature is 0 degrees C
Info (21077): High junction temperature is 85 degrees C
Warning (335093): TimeQuest Timing Analyzer is analyzing 2 combinational loops as latches. For more details, run the Check Timing command in the TimeQuest Timing Analyzer or view the "User-Specified and Inferred Latches" table in the Analysis & Synthesis report.
Critical Warning (332012): Synopsys Design Constraints File file not found: 'Signal_Generator.sdc'. A Synopsys Design Constraints File is required by the TimeQuest Timing Analyzer to get proper timing constraints. Without it, the Compiler will not properly optimize the design.
Info (332142): No user constrained base clocks found in the design. Calling "derive_clocks -period 1.0"
Info (332105): Deriving Clocks
    Info (332105): create_clock -period 1.000 -name clk clk
    Info (332105): create_clock -period 1.000 -name DAC081S101_driver:u5|dac_done DAC081S101_driver:u5|dac_done
    Info (332105): create_clock -period 1.000 -name Encoder:u1|key_a_r1 Encoder:u1|key_a_r1
    Info (332105): create_clock -period 1.000 -name Encoder:u1|clk_500us Encoder:u1|clk_500us
    Info (332105): create_clock -period 1.000 -name Encoder:u1|key_b_r1 Encoder:u1|key_b_r1
Info (332097): The following timing edges are non-unate.  TimeQuest will assume pos-unate behavior for these edges in the clock network.
    Info (332098): Cell: u1|WideNor0~0  from: datab  to: combout
    Info (332098): Cell: u1|WideNor1~0  from: datac  to: combout
Info (332143): No user constrained clock uncertainty found in the design. Calling "derive_clock_uncertainty"
Info (332123): Deriving Clock Uncertainty. Please refer to report_sdc in TimeQuest to see clock uncertainties.
Info: Found TIMEQUEST_REPORT_SCRIPT_INCLUDE_DEFAULT_ANALYSIS = ON
Info: Analyzing Slow 1200mV 85C Model
Info: Can't run Report Timing Closure Recommendations. The current device family is not supported.
Critical Warning (332148): Timing requirements not met
Info (332146): Worst-case setup slack is -3.671
    Info (332119):     Slack       End Point TNS Clock 
    Info (332119): ========= =================== =====================
    Info (332119):    -3.671            -144.219 clk 
    Info (332119):    -2.116             -30.287 DAC081S101_driver:u5|dac_done 
    Info (332119):    -0.870              -0.870 Encoder:u1|key_b_r1 
    Info (332119):    -0.859              -0.859 Encoder:u1|key_a_r1 
    Info (332119):    -0.675              -1.140 Encoder:u1|clk_500us 
Info (332146): Worst-case hold slack is 0.266
    Info (332119):     Slack       End Point TNS Clock 
    Info (332119): ========= =================== =====================
    Info (332119):     0.266               0.000 Encoder:u1|key_b_r1 
    Info (332119):     0.297               0.000 DAC081S101_driver:u5|dac_done 
    Info (332119):     0.321               0.000 Encoder:u1|key_a_r1 
    Info (332119):     0.362               0.000 clk 
    Info (332119):     0.485               0.000 Encoder:u1|clk_500us 
Info (332140): No Recovery paths to report
Info (332140): No Removal paths to report
Info (332146): Worst-case minimum pulse width slack is -3.901
    Info (332119):     Slack       End Point TNS Clock 
    Info (332119): ========= =================== =====================
    Info (332119):    -3.901             -47.005 DAC081S101_driver:u5|dac_done 
    Info (332119):    -3.000            -108.577 clk 
    Info (332119):    -1.487              -8.922 Encoder:u1|clk_500us 
    Info (332119):     0.458               0.000 Encoder:u1|key_a_r1 
    Info (332119):     0.477               0.000 Encoder:u1|key_b_r1 
Info (332114): Report Metastability: Found 1 synchronizer chains.
    Info (332114): Design MTBF is not calculated because the design doesn't meet its timing requirements.
Info: Analyzing Slow 1200mV 0C Model
Info (334003): Started post-fitting delay annotation
Info (334004): Delay annotation completed successfully
Info (332097): The following timing edges are non-unate.  TimeQuest will assume pos-unate behavior for these edges in the clock network.
    Info (332098): Cell: u1|WideNor0~0  from: datab  to: combout
    Info (332098): Cell: u1|WideNor1~0  from: datac  to: combout
Info (332123): Deriving Clock Uncertainty. Please refer to report_sdc in TimeQuest to see clock uncertainties.
Critical Warning (332148): Timing requirements not met
Info (332146): Worst-case setup slack is -3.465
    Info (332119):     Slack       End Point TNS Clock 
    Info (332119): ========= =================== =====================
    Info (332119):    -3.465            -130.732 clk 
    Info (332119):    -1.859             -26.672 DAC081S101_driver:u5|dac_done 
    Info (332119):    -0.684              -0.684 Encoder:u1|key_a_r1 
    Info (332119):    -0.676              -0.676 Encoder:u1|key_b_r1 
    Info (332119):    -0.541              -0.891 Encoder:u1|clk_500us 
Info (332146): Worst-case hold slack is 0.252
    Info (332119):     Slack       End Point TNS Clock 
    Info (332119): ========= =================== =====================
    Info (332119):     0.252               0.000 Encoder:u1|key_b_r1 
    Info (332119):     0.272               0.000 DAC081S101_driver:u5|dac_done 
    Info (332119):     0.315               0.000 Encoder:u1|key_a_r1 
    Info (332119):     0.324               0.000 clk 
    Info (332119):     0.456               0.000 Encoder:u1|clk_500us 
Info (332140): No Recovery paths to report
Info (332140): No Removal paths to report
Info (332146): Worst-case minimum pulse width slack is -3.901
    Info (332119):     Slack       End Point TNS Clock 
    Info (332119): ========= =================== =====================
    Info (332119):    -3.901             -47.005 DAC081S101_driver:u5|dac_done 
    Info (332119):    -3.000            -108.577 clk 
    Info (332119):    -1.487              -8.922 Encoder:u1|clk_500us 
    Info (332119):     0.398               0.000 Encoder:u1|key_b_r1 
    Info (332119):     0.413               0.000 Encoder:u1|key_a_r1 
Info (332114): Report Metastability: Found 1 synchronizer chains.
    Info (332114): Design MTBF is not calculated because the design doesn't meet its timing requirements.
Info: Analyzing Fast 1200mV 0C Model
Info (332097): The following timing edges are non-unate.  TimeQuest will assume pos-unate behavior for these edges in the clock network.
    Info (332098): Cell: u1|WideNor0~0  from: datab  to: combout
    Info (332098): Cell: u1|WideNor1~0  from: datac  to: combout
Info (332123): Deriving Clock Uncertainty. Please refer to report_sdc in TimeQuest to see clock uncertainties.
Critical Warning (332148): Timing requirements not met
Info (332146): Worst-case setup slack is -0.878
    Info (332119):     Slack       End Point TNS Clock 
    Info (332119): ========= =================== =====================
    Info (332119):    -0.878             -16.788 clk 
    Info (332119):    -0.330              -2.806 DAC081S101_driver:u5|dac_done 
    Info (332119):    -0.069              -0.069 Encoder:u1|key_b_r1 
    Info (332119):    -0.063              -0.063 Encoder:u1|clk_500us 
    Info (332119):    -0.044              -0.044 Encoder:u1|key_a_r1 
Info (332146): Worst-case hold slack is 0.086
    Info (332119):     Slack       End Point TNS Clock 
    Info (332119): ========= =================== =====================
    Info (332119):     0.086               0.000 Encoder:u1|key_b_r1 
    Info (332119):     0.099               0.000 DAC081S101_driver:u5|dac_done 
    Info (332119):     0.107               0.000 Encoder:u1|key_a_r1 
    Info (332119):     0.151               0.000 clk 
    Info (332119):     0.163               0.000 Encoder:u1|clk_500us 
Info (332140): No Recovery paths to report
Info (332140): No Removal paths to report
Info (332146): Worst-case minimum pulse width slack is -3.000
    Info (332119):     Slack       End Point TNS Clock 
    Info (332119): ========= =================== =====================
    Info (332119):    -3.000             -86.061 clk 
    Info (332119):    -1.000             -17.000 DAC081S101_driver:u5|dac_done 
    Info (332119):    -1.000              -6.000 Encoder:u1|clk_500us 
    Info (332119):     0.412               0.000 Encoder:u1|key_a_r1 
    Info (332119):     0.414               0.000 Encoder:u1|key_b_r1 
Info (332114): Report Metastability: Found 1 synchronizer chains.
    Info (332114): Design MTBF is not calculated because the design doesn't meet its timing requirements.
Info (332102): Design is not fully constrained for setup requirements
Info (332102): Design is not fully constrained for hold requirements
Info: Quartus Prime TimeQuest Timing Analyzer was successful. 0 errors, 6 warnings
    Info: Peak virtual memory: 4802 megabytes
    Info: Processing ended: Wed Jun 13 10:17:28 2018
    Info: Elapsed time: 00:00:04
    Info: Total CPU time (on all processors): 00:00:03


